# IPython log file

import numpy
numpy.__version__
#[Out]# '1.23.5'
%paste
Out
for k in sorted(Out):
    print(f"\nOut[{k}]:")
    print(Out[k])
%paste
#[Out]# [1]
# Sat, 28 Feb 2026 21:49:06
%paste# Sat, 28 Feb 2026 21:49:06
%logstart -o -r -t current_session.log# Sat, 28 Feb 2026 21:49:10
Out#[Out]# {1: '1.23.5', 5: [1]}
# Sat, 28 Feb 2026 21:50:32
    np.abs(-1)#[Out]# 1
# Sat, 28 Feb 2026 21:50:36
np.abs(-1)#[Out]# 1
# Sat, 28 Feb 2026 21:50:40
np.abs(-10)#[Out]# 10
# Sat, 28 Feb 2026 21:53:18
%paste# Sat, 28 Feb 2026 21:53:18
/* C code */
int result = 0;
for(int i=0; i<100; i++){
    result += i;
}# Sat, 28 Feb 2026 21:53:36
%paste# Sat, 28 Feb 2026 21:53:36
# Python code
result = 0
for i in range(100):
    result += i# Sat, 28 Feb 2026 21:53:41
%xpaste# Sat, 28 Feb 2026 21:53:48
%paste# Sat, 28 Feb 2026 21:53:48
# Python code
result = 0
for i in range(100):
    result += i# Sat, 28 Feb 2026 21:53:54
result#[Out]# 4950
# Sat, 28 Feb 2026 21:53:57
%paste# Sat, 28 Feb 2026 21:53:57
# Python code
result = 0
for i in range(100):
    result += i# Sat, 28 Feb 2026 21:53:58
result#[Out]# 4950
# Sat, 28 Feb 2026 22:01:16
import array
L = list(range(10))
A = array.array('i', L)
A#[Out]# array('i', [0, 1, 2, 3, 4, 5, 6, 7, 8, 9])
# Sat, 28 Feb 2026 22:01:20
%paste# Sat, 28 Feb 2026 22:01:20
import array
L = list(range(10))
A = array.array('i', L)
A#[Out]# array('i', [0, 1, 2, 3, 4, 5, 6, 7, 8, 9])
# Sat, 28 Feb 2026 22:02:40
%paste# Sat, 28 Feb 2026 22:02:40
np.array([1, 4, 2, 5, 3])#[Out]# array([1, 4, 2, 5, 3])
# Sat, 28 Feb 2026 22:02:57
np.array([1, 2, 3, 4], dtype='float32')#[Out]# array([1., 2., 3., 4.], dtype=float32)
# Sat, 28 Feb 2026 22:02:59
%paste# Sat, 28 Feb 2026 22:02:59
np.array([1, 2, 3, 4], dtype='float32')#[Out]# array([1., 2., 3., 4.], dtype=float32)
# Sat, 28 Feb 2026 22:03:08
%paste# Sat, 28 Feb 2026 22:03:08
# nested lists result in multi-dimensional arrays
np.array([range(i, i + 3) for i in [2, 4, 6]])#[Out]# array([[2, 3, 4],
#[Out]#        [4, 5, 6],
#[Out]#        [6, 7, 8]])
# Sat, 28 Feb 2026 22:03:16
# nested lists result in multi-dimensional arrays
np.array([range(i, i + 3) for i in [2, 4, 6]])#[Out]# array([[2, 3, 4],
#[Out]#        [4, 5, 6],
#[Out]#        [6, 7, 8]])
# Sat, 28 Feb 2026 22:03:51
np.zeros(10, dtype=int)#[Out]# array([0, 0, 0, 0, 0, 0, 0, 0, 0, 0])
# Sat, 28 Feb 2026 22:04:01
np.ones((3, 5), dtype=float)#[Out]# array([[1., 1., 1., 1., 1.],
#[Out]#        [1., 1., 1., 1., 1.],
#[Out]#        [1., 1., 1., 1., 1.]])
# Sat, 28 Feb 2026 22:04:11
np.full((3, 5), 3.14)#[Out]# array([[3.14, 3.14, 3.14, 3.14, 3.14],
#[Out]#        [3.14, 3.14, 3.14, 3.14, 3.14],
#[Out]#        [3.14, 3.14, 3.14, 3.14, 3.14]])
# Sat, 28 Feb 2026 22:04:19
np.arange(0, 20, 2)#[Out]# array([ 0,  2,  4,  6,  8, 10, 12, 14, 16, 18])
# Sat, 28 Feb 2026 22:04:33
np.linspace(0, 1, 5)#[Out]# array([0.  , 0.25, 0.5 , 0.75, 1.  ])
# Sat, 28 Feb 2026 22:04:48
np.random.random((3, 3))#[Out]# array([[0.48771322, 0.39606915, 0.39693075],
#[Out]#        [0.79186464, 0.14157306, 0.99298279],
#[Out]#        [0.56372718, 0.58437137, 0.85802244]])
# Sat, 28 Feb 2026 22:05:01
np.random.normal(0, 1, (3, 3))#[Out]# array([[-0.58508043,  0.07840241, -1.74773673],
#[Out]#        [ 0.67959077, -0.70078643, -0.59131213],
#[Out]#        [-0.1879604 ,  1.29262407,  0.07577028]])
# Sat, 28 Feb 2026 22:05:09
np.random.randint(0, 10, (3, 3))#[Out]# array([[3, 7, 7],
#[Out]#        [0, 9, 4],
#[Out]#        [5, 7, 5]])
# Sat, 28 Feb 2026 22:05:18
np.eye(3)#[Out]# array([[1., 0., 0.],
#[Out]#        [0., 1., 0.],
#[Out]#        [0., 0., 1.]])
# Sat, 28 Feb 2026 22:05:33
np.empty(3)#[Out]# array([1., 1., 1.])
# Sat, 28 Feb 2026 22:06:45
np.zeros(10, dtype='int16')#[Out]# array([0, 0, 0, 0, 0, 0, 0, 0, 0, 0], dtype=int16)
# Sat, 28 Feb 2026 22:06:51
np.zeros(10, dtype=np.int16)#[Out]# array([0, 0, 0, 0, 0, 0, 0, 0, 0, 0], dtype=int16)
# Sat, 28 Feb 2026 22:06:54
%paste# Sat, 28 Feb 2026 22:06:54
np.zeros(10, dtype=np.int16)#[Out]# array([0, 0, 0, 0, 0, 0, 0, 0, 0, 0], dtype=int16)
# Sat, 28 Feb 2026 22:48:25
import numpy as np
np.random.seed(0)  # seed for reproducibility

x1 = np.random.randint(10, size=6)  # One-dimensional array
x2 = np.random.randint(10, size=(3, 4))  # Two-dimensional array
x3 = np.random.randint(10, size=(3, 4, 5))  # Three-dimensional array# Sat, 28 Feb 2026 22:48:35
print("x3 ndim: ", x3.ndim)
print("x3 shape:", x3.shape)
print("x3 size: ", x3.size)# Sat, 28 Feb 2026 22:48:38
%paste# Sat, 28 Feb 2026 22:48:38
print("x3 ndim: ", x3.ndim)
print("x3 shape:", x3.shape)
print("x3 size: ", x3.size)# Sat, 28 Feb 2026 22:49:04
%paste# Sat, 28 Feb 2026 22:49:04
print("dtype:", x3.dtype)# Sat, 28 Feb 2026 22:50:39
%cpaste# Sat, 28 Feb 2026 22:50:46
print("itemsize:", x3.itemsize, "bytes")
print("nbytes:", x3.nbytes, "bytes")# Sat, 28 Feb 2026 22:50:52
$paste# Sat, 28 Feb 2026 22:50:55
%paste# Sat, 28 Feb 2026 22:50:55
print("itemsize:", x3.itemsize, "bytes")
print("nbytes:", x3.nbytes, "bytes")# Sat, 28 Feb 2026 22:51:36
x1#[Out]# array([5, 0, 3, 3, 7, 9])
# Sat, 28 Feb 2026 22:51:43
x1[0]#[Out]# 5
# Sat, 28 Feb 2026 22:51:49
x1[4]#[Out]# 7
# Sat, 28 Feb 2026 22:51:56
x1[-1]#[Out]# 9
# Sat, 28 Feb 2026 22:52:00
x2#[Out]# array([[3, 5, 2, 4],
#[Out]#        [7, 6, 8, 8],
#[Out]#        [1, 6, 7, 7]])
# Sat, 28 Feb 2026 22:52:04
x2[2,0
]#[Out]# 1
# Sat, 28 Feb 2026 22:52:14
x2[2,-1]#[Out]# 7
# Sat, 28 Feb 2026 22:52:39
x2[0,0] = 12# Sat, 28 Feb 2026 22:52:41
x2#[Out]# array([[12,  5,  2,  4],
#[Out]#        [ 7,  6,  8,  8],
#[Out]#        [ 1,  6,  7,  7]])
# Sat, 28 Feb 2026 22:58:30
x1[0] = 3.14159# Sat, 28 Feb 2026 22:58:31
x1#[Out]# array([3, 0, 3, 3, 7, 9])
# Sat, 28 Feb 2026 22:59:19
x = np.arange(10)# Sat, 28 Feb 2026 22:59:20
x#[Out]# array([0, 1, 2, 3, 4, 5, 6, 7, 8, 9])
# Sat, 28 Feb 2026 22:59:25
x[:5]#[Out]# array([0, 1, 2, 3, 4])
# Sat, 28 Feb 2026 22:59:32
x[5:]#[Out]# array([5, 6, 7, 8, 9])
# Sat, 28 Feb 2026 22:59:37
x[4:7]#[Out]# array([4, 5, 6])
# Sat, 28 Feb 2026 22:59:42
x[::2]#[Out]# array([0, 2, 4, 6, 8])
# Sat, 28 Feb 2026 22:59:52
x[1::2]#[Out]# array([1, 3, 5, 7, 9])
# Sat, 28 Feb 2026 23:00:12
x[::-1]#[Out]# array([9, 8, 7, 6, 5, 4, 3, 2, 1, 0])
# Sat, 28 Feb 2026 23:00:22
x[5::-1]#[Out]# array([5, 4, 3, 2, 1, 0])
# Sat, 28 Feb 2026 23:00:26
x[5::-2]#[Out]# array([5, 3, 1])
# Sat, 28 Feb 2026 23:00:36
x2#[Out]# array([[12,  5,  2,  4],
#[Out]#        [ 7,  6,  8,  8],
#[Out]#        [ 1,  6,  7,  7]])
# Sat, 28 Feb 2026 23:00:45
x2[:2,:3]#[Out]# array([[12,  5,  2],
#[Out]#        [ 7,  6,  8]])
# Sat, 28 Feb 2026 23:00:56
x2[:3,:2]#[Out]# array([[12,  5],
#[Out]#        [ 7,  6],
#[Out]#        [ 1,  6]])
# Sat, 28 Feb 2026 23:01:04
x2[::-1,::-1]#[Out]# array([[ 7,  7,  6,  1],
#[Out]#        [ 8,  8,  6,  7],
#[Out]#        [ 4,  2,  5, 12]])
# Sat, 28 Feb 2026 23:01:52
print(x2[:,0])# Sat, 28 Feb 2026 23:01:59
print(x2[0,:])# Sat, 28 Feb 2026 23:02:09
print(x2[1,:])# Sat, 28 Feb 2026 23:02:11
print(x2[2,:])# Sat, 28 Feb 2026 23:03:29
print(x2)# Sat, 28 Feb 2026 23:03:43
x2_sub = x2[:2,:2]# Sat, 28 Feb 2026 23:03:47
print(x2_sub)# Sat, 28 Feb 2026 23:04:07
x2_sub[0,0] = x2[:2,:2]# Sat, 28 Feb 2026 23:04:20
x2_sub = x2[:2,:2]# Sat, 28 Feb 2026 23:04:28
print(x2_sub)# Sat, 28 Feb 2026 23:04:38
x2_sub[0,0] = 99# Sat, 28 Feb 2026 23:04:43
print(x2_sub)# Sat, 28 Feb 2026 23:04:48
print(x2)# Sat, 28 Feb 2026 23:05:20
x2_sub_copy = x2[:2,:2].copy()# Sat, 28 Feb 2026 23:05:26
print(x2_sub_copy)# Sat, 28 Feb 2026 23:05:43
x2_sub_copy[0,0] = 42# Sat, 28 Feb 2026 23:05:52
print(x2_sub_copy)# Sat, 28 Feb 2026 23:05:59
print(x2)# Sat, 28 Feb 2026 23:07:13
grid = np.arange(1,10).reshape((3,3))# Sat, 28 Feb 2026 23:07:16
grid#[Out]# array([[1, 2, 3],
#[Out]#        [4, 5, 6],
#[Out]#        [7, 8, 9]])
# Sat, 28 Feb 2026 23:07:55
x = np.array([1,2,3])# Sat, 28 Feb 2026 23:08:03
x.reshape((1,3))#[Out]# array([[1, 2, 3]])
# Sat, 28 Feb 2026 23:08:14
x[np.newaxis,:]#[Out]# array([[1, 2, 3]])
# Sat, 28 Feb 2026 23:08:31
x.reshape((3,1))#[Out]# array([[1],
#[Out]#        [2],
#[Out]#        [3]])
# Sat, 28 Feb 2026 23:08:40
x[:,np.newaxis]#[Out]# array([[1],
#[Out]#        [2],
#[Out]#        [3]])
# Sat, 28 Feb 2026 23:10:22
%paste# Sat, 28 Feb 2026 23:10:22
x = np.array([1, 2, 3])
y = np.array([3, 2, 1])
np.concatenate([x, y])#[Out]# array([1, 2, 3, 3, 2, 1])
# Sat, 28 Feb 2026 23:10:24
x = np.array([1, 2, 3])
y = np.array([3, 2, 1])
np.concatenate([x, y])#[Out]# array([1, 2, 3, 3, 2, 1])
# Sat, 28 Feb 2026 23:10:37
z = [99, 99, 99]
print(np.concatenate([x, y, z]))# Sat, 28 Feb 2026 23:10:46
grid = np.array([[1, 2, 3],
                 [4, 5, 6]])# Sat, 28 Feb 2026 23:10:51
np.concatenate([grid, grid])#[Out]# array([[1, 2, 3],
#[Out]#        [4, 5, 6],
#[Out]#        [1, 2, 3],
#[Out]#        [4, 5, 6]])
# Sat, 28 Feb 2026 23:11:35
# concatenate along the second axis (zero-indexed)
np.concatenate([grid, grid], axis=1)#[Out]# array([[1, 2, 3, 1, 2, 3],
#[Out]#        [4, 5, 6, 4, 5, 6]])
# Sat, 28 Feb 2026 23:11:52
x = np.array([1, 2, 3])
grid = np.array([[9, 8, 7],
                 [6, 5, 4]])

# vertically stack the arrays
np.vstack([x, grid])#[Out]# array([[1, 2, 3],
#[Out]#        [9, 8, 7],
#[Out]#        [6, 5, 4]])
# Sat, 28 Feb 2026 23:12:01
# horizontally stack the arrays
y = np.array([[99],
              [99]])
np.hstack([grid, y])#[Out]# array([[ 9,  8,  7, 99],
#[Out]#        [ 6,  5,  4, 99]])
# Sat, 28 Feb 2026 23:12:22
x = [1, 2, 3, 99, 99, 3, 2, 1]
x1, x2, x3 = np.split(x, [3, 5])
print(x1, x2, x3)# Sat, 28 Feb 2026 23:13:26
grid = np.arange(16).reshape((4, 4))
grid#[Out]# array([[ 0,  1,  2,  3],
#[Out]#        [ 4,  5,  6,  7],
#[Out]#        [ 8,  9, 10, 11],
#[Out]#        [12, 13, 14, 15]])
# Sat, 28 Feb 2026 23:13:37
upper, lower = np.vsplit(grid, [2])
print(upper)
print(lower)# Sat, 28 Feb 2026 23:13:48
left, right = np.hsplit(grid, [2])
print(left)
print(right)# Sat, 28 Feb 2026 23:17:10
!sqlite3 ~/.ipython/profile_default/history.sqlite \
  "select distinct session from history order by session;"# Sat, 28 Feb 2026 23:17:28
%history 771/1-1000 -f my_history.py# Sat, 28 Feb 2026 23:17:44
%history 768/1-1000 -f my_history.py# Sat, 28 Feb 2026 23:17:56
%history 766/1-1000 -f my_history.py# Mon, 02 Mar 2026 10:11:40
%paste# Mon, 02 Mar 2026 10:11:40
import numpy as np
np.random.seed(0)

def compute_reciprocals(values):
    output = np.empty(len(values))
    for i in range(len(values)):
        output[i] = 1.0 / values[i]
    return output
        
values = np.random.randint(1, 10, size=5)
compute_reciprocals(values)#[Out]# array([0.16666667, 1.        , 0.25      , 0.25      , 0.125     ])
# Mon, 02 Mar 2026 10:12:01
%paste# Mon, 02 Mar 2026 10:12:02
import numpy as np
np.random.seed(0)

def compute_reciprocals(values):
    output = np.empty(len(values))
    for i in range(len(values)):
        output[i] = 1.0 / values[i]
    return output
        
values = np.random.randint(1, 10, size=5)
compute_reciprocals(values)#[Out]# array([0.16666667, 1.        , 0.25      , 0.25      , 0.125     ])
# Mon, 02 Mar 2026 10:36:41
big_array = np.random.randint(1, 100, size=1000000)
%timeit compute_reciprocals(big_array)# Mon, 02 Mar 2026 10:46:32
print(compute_reciprocals(values))
print(1.0 / values)# Mon, 02 Mar 2026 10:47:08
%timeit (1.0 / big_array)# Mon, 02 Mar 2026 10:47:36
np.arange(5) / np.arange(1, 6)#[Out]# array([0.        , 0.5       , 0.66666667, 0.75      , 0.8       ])
# Mon, 02 Mar 2026 10:47:46
x = np.arange(9).reshape((3, 3))
2 ** x#[Out]# array([[  1,   2,   4],
#[Out]#        [  8,  16,  32],
#[Out]#        [ 64, 128, 256]])
# Mon, 02 Mar 2026 10:48:45
%timeit np.arange(5) / np.arange(1, 6)# Mon, 02 Mar 2026 10:52:19
print(compute_reciprocals(values))
%timeit print(1.0 / values)# Mon, 02 Mar 2026 10:52:46
print(compute_reciprocals(values))
print(1.0 / values)# Mon, 02 Mar 2026 10:53:50
%time print(compute_reciprocals(values))
%time print(1.0 / values)# Mon, 02 Mar 2026 10:54:00
%time print(compute_reciprocals(values))
%time print(1.0 / values)# Mon, 02 Mar 2026 10:54:01
%time print(compute_reciprocals(values))
%time print(1.0 / values)# Mon, 02 Mar 2026 10:54:02
%time print(compute_reciprocals(values))
%time print(1.0 / values)# Mon, 02 Mar 2026 10:54:02
%time print(compute_reciprocals(values))
%time print(1.0 / values)# Mon, 02 Mar 2026 10:54:03
%time print(compute_reciprocals(values))
%time print(1.0 / values)# Mon, 02 Mar 2026 10:54:04
%time print(compute_reciprocals(values))
%time print(1.0 / values)# Mon, 02 Mar 2026 10:54:04
%time print(compute_reciprocals(values))
%time print(1.0 / values)# Mon, 02 Mar 2026 11:00:22

%timeit compute_reciprocals(big_array)
%timeit (1.0 / big_array)# Mon, 02 Mar 2026 12:00:56
x = np.arange(9).reshape((3, 3))
2 ** x#[Out]# array([[  1,   2,   4],
#[Out]#        [  8,  16,  32],
#[Out]#        [ 64, 128, 256]])
# Mon, 02 Mar 2026 12:01:02
np.random.seed(0)
x = np.random.randn(1_000_000)

# ZŁE: pętla w Pythonie + ufunc na skalarkach (narzut Pythona dominuje)
def softplus_bad(x):
    x = np.asarray(x, dtype=np.float64)
    out = np.empty_like(x)
    for i in range(x.size):
        xi = x[i]
        out[i] = np.log1p(np.exp(-abs(xi))) + max(xi, 0.0)  # ufuncy, ale wołane 1e6 razy
    return out

# DOBRE: ufuncy na całej tablicy (bez pętli w Pythonie)
def softplus_good(x):
    x = np.asarray(x, dtype=np.float64)
    return np.log1p(np.exp(-np.abs(x))) + np.maximum(x, 0.0)

# poprawność
a = softplus_bad(x)
b = softplus_good(x)
print("same?", np.allclose(a, b, rtol=1e-12, atol=1e-12))

# czas
%timeit softplus_bad(x)
%timeit softplus_good(x)# Mon, 02 Mar 2026 12:01:59
x = np.arange(4)
print("x     =", x)
print("x + 5 =", x + 5)
print("x - 5 =", x - 5)
print("x * 2 =", x * 2)
print("x / 2 =", x / 2)
print("x // 2 =", x // 2)  # floor division# Mon, 02 Mar 2026 12:02:04
print("-x     = ", -x)
print("x ** 2 = ", x ** 2)
print("x % 2  = ", x % 2)# Mon, 02 Mar 2026 12:10:16
%paste# Mon, 02 Mar 2026 12:10:16
-(0.5*x + 1) ** 2#[Out]# array([-1.  , -2.25, -4.  , -6.25])
# Mon, 02 Mar 2026 12:10:26
%paste# Mon, 02 Mar 2026 12:10:26
x = np.arange(4)
print("x     =", x)
print("x + 5 =", x + 5)
print("x - 5 =", x - 5)
print("x * 2 =", x * 2)
print("x / 2 =", x / 2)
print("x // 2 =", x // 2)  # floor division# Mon, 02 Mar 2026 12:10:28
x = np.arange(4)
print("x     =", x)
print("x + 5 =", x + 5)
print("x - 5 =", x - 5)
print("x * 2 =", x * 2)
print("x / 2 =", x / 2)
print("x // 2 =", x // 2)  # floor division# Mon, 02 Mar 2026 12:10:34
print("-x     = ", -x)
print("x ** 2 = ", x ** 2)
print("x % 2  = ", x % 2)# Mon, 02 Mar 2026 12:10:40
np.add(x, 2)#[Out]# array([2, 3, 4, 5])
# Mon, 02 Mar 2026 12:11:17
x = np.array([-2, -1, 0, 1, 2])
abs(x)#[Out]# array([2, 1, 0, 1, 2])
# Mon, 02 Mar 2026 12:11:23
np.absolute(x)#[Out]# array([2, 1, 0, 1, 2])
# Mon, 02 Mar 2026 12:11:27
np.abs(x)#[Out]# array([2, 1, 0, 1, 2])
# Mon, 02 Mar 2026 12:12:17
x = np.array([3 - 4j, 4 - 3j, 2 + 0j, 0 + 1j])
np.abs(x)#[Out]# array([5., 5., 2., 1.])
# Mon, 02 Mar 2026 12:12:23
theta = np.linspace(0, np.pi, 3)# Mon, 02 Mar 2026 12:12:27
print("theta      = ", theta)
print("sin(theta) = ", np.sin(theta))
print("cos(theta) = ", np.cos(theta))
print("tan(theta) = ", np.tan(theta))# Mon, 02 Mar 2026 12:12:35
x = [-1, 0, 1]
print("x         = ", x)
print("arcsin(x) = ", np.arcsin(x))
print("arccos(x) = ", np.arccos(x))
print("arctan(x) = ", np.arctan(x))# Mon, 02 Mar 2026 12:12:48
x = [1, 2, 3]
print("x     =", x)
print("e^x   =", np.exp(x))
print("2^x   =", np.exp2(x))
print("3^x   =", np.power(3, x))# Mon, 02 Mar 2026 12:12:55
x = [1, 2, 4, 10]
print("x        =", x)
print("ln(x)    =", np.log(x))
print("log2(x)  =", np.log2(x))
print("log10(x) =", np.log10(x))# Mon, 02 Mar 2026 12:13:21
x = [0, 0.001, 0.01, 0.1]
print("exp(x) - 1 =", np.expm1(x))
print("log(1 + x) =", np.log1p(x))# Mon, 02 Mar 2026 12:14:20
from scipy import special# Mon, 02 Mar 2026 12:14:24
# Gamma functions (generalized factorials) and related functions
x = [1, 5, 10]
print("gamma(x)     =", special.gamma(x))
print("ln|gamma(x)| =", special.gammaln(x))
print("beta(x, 2)   =", special.beta(x, 2))# Mon, 02 Mar 2026 12:14:40
# Error function (integral of Gaussian)
# its complement, and its inverse
x = np.array([0, 0.3, 0.7, 1.0])
print("erf(x)  =", special.erf(x))
print("erfc(x) =", special.erfc(x))
print("erfinv(x) =", special.erfinv(x))# Mon, 02 Mar 2026 12:15:26
x = np.arange(5)
y = np.empty(5)
np.multiply(x, 10, out=y)
print(y)# Mon, 02 Mar 2026 12:17:44
y = np.zeros(10)
np.power(2, x, out=y[::2])
print(y)# Mon, 02 Mar 2026 12:17:53
x = np.arange(1, 6)
np.add.reduce(x)#[Out]# 15
# Mon, 02 Mar 2026 12:17:55
x#[Out]# array([1, 2, 3, 4, 5])
# Mon, 02 Mar 2026 12:18:00
np.multiply.reduce(x)#[Out]# 120
# Mon, 02 Mar 2026 12:18:04
np.multiply(x)# Mon, 02 Mar 2026 12:18:31
np.add.accumulate(x)#[Out]# array([ 1,  3,  6, 10, 15])
# Mon, 02 Mar 2026 12:18:34
x#[Out]# array([1, 2, 3, 4, 5])
# Mon, 02 Mar 2026 12:18:45
np.multiply.accumulate(x)#[Out]# array([  1,   2,   6,  24, 120])
# Mon, 02 Mar 2026 12:19:35
x = np.arange(1, 6)
np.multiply.outer(x, x)#[Out]# array([[ 1,  2,  3,  4,  5],
#[Out]#        [ 2,  4,  6,  8, 10],
#[Out]#        [ 3,  6,  9, 12, 15],
#[Out]#        [ 4,  8, 12, 16, 20],
#[Out]#        [ 5, 10, 15, 20, 25]])
# Mon, 02 Mar 2026 13:18:23
import numpy as np# Mon, 02 Mar 2026 13:18:27
L = np.random.random(100)
sum(L)#[Out]# 50.85207573015819
# Mon, 02 Mar 2026 13:18:33
np.sum(L)#[Out]# 50.85207573015819
# Mon, 02 Mar 2026 13:19:28
big_array = np.random.rand(1000000)
%timeit sum(big_array)
%timeit np.sum(big_array)# Mon, 02 Mar 2026 13:50:39
min(big_array), max(big_array)#[Out]# (6.036102300210899e-07, 0.9999969605678884)
# Mon, 02 Mar 2026 13:50:43
%paste# Mon, 02 Mar 2026 13:50:43
min(big_array), max(big_array)#[Out]# (6.036102300210899e-07, 0.9999969605678884)
# Mon, 02 Mar 2026 13:51:12
np.min(big_array), np.max(big_array)#[Out]# (6.036102300210899e-07, 0.9999969605678884)
# Mon, 02 Mar 2026 13:51:17
%timeit np.min(big_array), np.max(big_array)# Mon, 02 Mar 2026 13:51:26
%timeit min(big_array)
%timeit np.min(big_array)# Mon, 02 Mar 2026 13:51:53
print(big_array.min(), big_array.max(), big_array.sum())# Mon, 02 Mar 2026 13:52:37
M = np.random.random((3, 4))
print(M)# Mon, 02 Mar 2026 13:52:44
M.sum()#[Out]# 7.696546174611481
# Mon, 02 Mar 2026 13:52:58
M.min(axis=0)#[Out]# array([0.30453728, 0.75909399, 0.48650982, 0.55028448])
# Mon, 02 Mar 2026 13:53:01
M.min(axis=1)#[Out]# array([0.41037539, 0.40097602, 0.30453728])
# Mon, 02 Mar 2026 13:53:02
M.min(axis=2)# Mon, 02 Mar 2026 13:53:17
M = np.random.random((3, 4))
print(M)# Mon, 02 Mar 2026 13:53:27
M.min(axis=0)#[Out]# array([0.30547053, 0.47308552, 0.06109619, 0.38829318])
# Mon, 02 Mar 2026 13:53:47
M.min(axis=1)#[Out]# array([0.06109619, 0.26983549, 0.38089464])
# Mon, 02 Mar 2026 13:53:54
M.max(axis=1)#[Out]# array([0.79106569, 0.84862732, 0.99059902])
# Mon, 02 Mar 2026 14:05:13
!head -4 data/president_heights.csv# Mon, 02 Mar 2026 14:06:26
!head -4 data/president_heights.csv# Mon, 02 Mar 2026 14:06:50
!head -4 2_numpy_wyklad/data/president_heights.csv# Mon, 02 Mar 2026 14:07:05
import pandas as pd
data = pd.read_csv('data/president_heights.csv')
heights = np.array(data['height(cm)'])
print(heights)# Mon, 02 Mar 2026 14:07:22
import pandas as pd
data = pd.read_csv('2_numpy_wyklad/data/president_heights.csv')
heights = np.array(data['height(cm)'])
print(heights)# Mon, 02 Mar 2026 14:07:27
print("Mean height:       ", heights.mean())
print("Standard deviation:", heights.std())
print("Minimum height:    ", heights.min())
print("Maximum height:    ", heights.max())# Mon, 02 Mar 2026 14:07:50
print("25th percentile:   ", np.percentile(heights, 25))
print("Median:            ", np.median(heights))
print("75th percentile:   ", np.percentile(heights, 75))# Mon, 02 Mar 2026 14:08:13
%matplotlib inline
import matplotlib.pyplot as plt
import seaborn; seaborn.set()  # set plot style# Mon, 02 Mar 2026 14:08:19
plt.hist(heights)
plt.title('Height Distribution of US Presidents')
plt.xlabel('height (cm)')
plt.ylabel('number');# Mon, 02 Mar 2026 14:11:39
import numpy as np# Mon, 02 Mar 2026 14:11:42
a = np.array([0, 1, 2])
b = np.array([5, 5, 5])
a + b#[Out]# array([5, 6, 7])
# Mon, 02 Mar 2026 14:11:47
a + 5#[Out]# array([5, 6, 7])
# Mon, 02 Mar 2026 14:12:30
M = np.ones((3, 3))
M#[Out]# array([[1., 1., 1.],
#[Out]#        [1., 1., 1.],
#[Out]#        [1., 1., 1.]])
# Mon, 02 Mar 2026 14:12:40
M + a#[Out]# array([[1., 2., 3.],
#[Out]#        [1., 2., 3.],
#[Out]#        [1., 2., 3.]])
# Mon, 02 Mar 2026 14:13:11
a = np.arange(3)
b = np.arange(3)[:, np.newaxis]

print(a)
print(b)# Mon, 02 Mar 2026 14:13:44
a + b#[Out]# array([[0, 1, 2],
#[Out]#        [1, 2, 3],
#[Out]#        [2, 3, 4]])
# Mon, 02 Mar 2026 14:17:30
M = np.ones((2, 3))
a = np.arange(3)# Mon, 02 Mar 2026 14:17:35
M#[Out]# array([[1., 1., 1.],
#[Out]#        [1., 1., 1.]])
# Mon, 02 Mar 2026 14:17:36
a#[Out]# array([0, 1, 2])
# Mon, 02 Mar 2026 14:17:45
M+a#[Out]# array([[1., 2., 3.],
#[Out]#        [1., 2., 3.]])
# Mon, 02 Mar 2026 14:18:06
a+M#[Out]# array([[1., 2., 3.],
#[Out]#        [1., 2., 3.]])
# Mon, 02 Mar 2026 14:19:30
a = np.arange(3).reshape((3, 1))
b = np.arange(3)# Mon, 02 Mar 2026 14:19:32
a#[Out]# array([[0],
#[Out]#        [1],
#[Out]#        [2]])
# Mon, 02 Mar 2026 14:19:32
b#[Out]# array([0, 1, 2])
# Mon, 02 Mar 2026 14:19:38
a + b#[Out]# array([[0, 1, 2],
#[Out]#        [1, 2, 3],
#[Out]#        [2, 3, 4]])
# Mon, 02 Mar 2026 14:20:47
M = np.ones((3, 2))
a = np.arange(3)# Mon, 02 Mar 2026 14:20:49
M#[Out]# array([[1., 1.],
#[Out]#        [1., 1.],
#[Out]#        [1., 1.]])
# Mon, 02 Mar 2026 14:20:49
a#[Out]# array([0, 1, 2])
# Mon, 02 Mar 2026 14:21:05
M + a# Mon, 02 Mar 2026 14:22:16
a[:, np.newaxis].shape#[Out]# (3, 1)
# Mon, 02 Mar 2026 14:22:20
a#[Out]# array([0, 1, 2])
# Mon, 02 Mar 2026 14:22:24
a.shape#[Out]# (3,)
# Mon, 02 Mar 2026 14:22:35
a[:, np.newaxis]#[Out]# array([[0],
#[Out]#        [1],
#[Out]#        [2]])
# Mon, 02 Mar 2026 14:22:38
a#[Out]# array([0, 1, 2])
# Mon, 02 Mar 2026 14:22:45
M + a[:, np.newaxis]#[Out]# array([[1., 1.],
#[Out]#        [2., 2.],
#[Out]#        [3., 3.]])
# Mon, 02 Mar 2026 14:23:10
np.logaddexp(M, a[:, np.newaxis])#[Out]# array([[1.31326169, 1.31326169],
#[Out]#        [1.69314718, 1.69314718],
#[Out]#        [2.31326169, 2.31326169]])
# Mon, 02 Mar 2026 14:24:11
X = np.random.random((10, 3))# Mon, 02 Mar 2026 14:24:16
Xmean = X.mean(0)
Xmean#[Out]# array([0.50599887, 0.65651201, 0.41009832])
# Mon, 02 Mar 2026 14:24:23
X_centered = X - Xmean# Mon, 02 Mar 2026 14:24:28
X_centered.mean(0)#[Out]# array([1.11022302e-16, 3.33066907e-17, 3.88578059e-17])
# Mon, 02 Mar 2026 14:24:35
# x and y have 50 steps from 0 to 5
x = np.linspace(0, 5, 50)
y = np.linspace(0, 5, 50)[:, np.newaxis]

z = np.sin(x) ** 10 + np.cos(10 + y * x) * np.cos(x)# Mon, 02 Mar 2026 14:24:38
%matplotlib inline
import matplotlib.pyplot as plt# Mon, 02 Mar 2026 14:24:42
plt.imshow(z, origin='lower', extent=[0, 5, 0, 5],
           cmap='viridis')
plt.colorbar();# Mon, 02 Mar 2026 14:26:47

def pairwise_sq_dists(X: np.ndarray, C: np.ndarray) -> np.ndarray:
    X = np.asarray(X, dtype=np.float64)
    C = np.asarray(C, dtype=np.float64)
    diff = X[:, None, :] - C[None, :, :]
    return np.sum(diff * diff, axis=2)

# reference slow version (for tests only)
def pairwise_sq_dists_slow(X, C):
    out = np.zeros((X.shape[0], C.shape[0]), dtype=np.float64)
    for i in range(X.shape[0]):
        for k in range(C.shape[0]):
            diff = X[i] - C[k]
            out[i, k] = float(np.dot(diff, diff))
    return out

# tests
X = RNG.normal(size=(10, 3))
C = RNG.normal(size=(4, 3))
D2 = pairwise_sq_dists(X, C)
assert_shape(D2, (10, 4))
assert_allclose(D2, pairwise_sq_dists_slow(X, C), tol=1e-10)
assert (D2 >= 0).all()
print("✅ Exercise 2.05.1 passed")# Mon, 02 Mar 2026 14:27:12

import math
import numpy as np

# Ustalmy powtarzalność
RNG = np.random.default_rng(0)

def assert_allclose(a, b, tol=1e-8):
    a = np.asarray(a)
    b = np.asarray(b)
    assert a.shape == b.shape, f"Shape mismatch: {a.shape} vs {b.shape}"
    assert np.allclose(a, b, atol=tol, rtol=tol), f"Values not close (tol={tol})"

def assert_shape(x, shape):
    x = np.asarray(x)
    assert x.shape == tuple(shape), f"Expected shape {shape}, got {x.shape}"

print("NumPy version:", np.__version__)# Mon, 02 Mar 2026 14:27:18

def pairwise_sq_dists(X: np.ndarray, C: np.ndarray) -> np.ndarray:
    X = np.asarray(X, dtype=np.float64)
    C = np.asarray(C, dtype=np.float64)
    diff = X[:, None, :] - C[None, :, :]
    return np.sum(diff * diff, axis=2)

# reference slow version (for tests only)
def pairwise_sq_dists_slow(X, C):
    out = np.zeros((X.shape[0], C.shape[0]), dtype=np.float64)
    for i in range(X.shape[0]):
        for k in range(C.shape[0]):
            diff = X[i] - C[k]
            out[i, k] = float(np.dot(diff, diff))
    return out

# tests
X = RNG.normal(size=(10, 3))
C = RNG.normal(size=(4, 3))
D2 = pairwise_sq_dists(X, C)
assert_shape(D2, (10, 4))
assert_allclose(D2, pairwise_sq_dists_slow(X, C), tol=1e-10)
assert (D2 >= 0).all()
print("✅ Exercise 2.05.1 passed")# Mon, 02 Mar 2026 14:27:22
X#[Out]# array([[ 0.12573022, -0.13210486,  0.64042265],
#[Out]#        [ 0.10490012, -0.53566937,  0.36159505],
#[Out]#        [ 1.30400005,  0.94708096, -0.70373524],
#[Out]#        [-1.26542147, -0.62327446,  0.04132598],
#[Out]#        [-2.32503077, -0.21879166, -1.24591095],
#[Out]#        [-0.73226735, -0.54425898, -0.31630016],
#[Out]#        [ 0.41163054,  1.04251337, -0.12853466],
#[Out]#        [ 1.36646347, -0.66519467,  0.35151007],
#[Out]#        [ 0.90347018,  0.0940123 , -0.74349925],
#[Out]#        [-0.92172538, -0.45772583,  0.22019512]])
# Mon, 02 Mar 2026 14:27:23
C#[Out]# array([[-1.00961818, -0.20917557, -0.15922501],
#[Out]#        [ 0.54084558,  0.21465912,  0.35537271],
#[Out]#        [-0.65382861, -0.12961363,  0.78397547],
#[Out]#        [ 1.49343115, -1.25906553,  1.51392377]])
# Mon, 02 Mar 2026 14:27:27
D2#[Out]# array([[ 1.93439228,  0.3738195 ,  0.62832559,  3.90365038],
#[Out]#        [ 1.62000278,  0.75308002,  0.91895576,  3.7791819 ],
#[Out]#        [ 6.98624988,  2.24055612,  7.20564744,  9.82097799],
#[Out]#        [ 0.27713391,  4.06335872,  1.16927511, 10.18404231],
#[Out]#        [ 2.91128908, 10.96523624,  6.92130827, 23.27950885],
#[Out]#        [ 0.21387697,  2.64791769,  1.38868986,  8.81440185],
#[Out]#        [ 3.58761503,  0.93620553,  3.34175965,  9.16522772],
#[Out]#        [ 6.11456777,  1.45580252,  4.55545346,  1.72000901],
#[Out]#        [ 4.09320637,  1.35357184,  4.8083671 ,  7.27483226],
#[Out]#        [ 0.21346201,  2.60948831,  0.49727457,  8.14886017]])
# Mon, 02 Mar 2026 14:29:38
%timeit D2 = pairwise_sq_dists(X, C)
# Mon, 02 Mar 2026 14:29:57
%timeit pairwise_sq_dists_slow(X, C)# Mon, 02 Mar 2026 14:40:44
M#[Out]# array([[1., 1.],
#[Out]#        [1., 1.],
#[Out]#        [1., 1.]])
# Mon, 02 Mar 2026 14:40:50
M[0,0]#[Out]# 1.0
# Mon, 02 Mar 2026 14:41:04
v = M+a# Mon, 02 Mar 2026 14:41:15
M + a[:, np.newaxis]
#[Out]# array([[1., 1.],
#[Out]#        [2., 2.],
#[Out]#        [3., 3.]])
# Mon, 02 Mar 2026 14:41:24
v=M + a[:, np.newaxis]

# Mon, 02 Mar 2026 14:41:29
v#[Out]# array([[1., 1.],
#[Out]#        [2., 2.],
#[Out]#        [3., 3.]])
# Mon, 02 Mar 2026 14:41:34
v [0,0]#[Out]# 1.0
# Mon, 02 Mar 2026 14:41:37
v [1,0]#[Out]# 2.0
# Mon, 02 Mar 2026 14:41:39
v [2,0]#[Out]# 3.0
# Mon, 02 Mar 2026 14:41:50
v.shape#[Out]# (3, 2)
# Mon, 02 Mar 2026 14:42:04
v.shape + [0,0]# Mon, 02 Mar 2026 14:42:07
v.shape + [0,0,0]# Mon, 02 Mar 2026 14:42:25
v.shape + a# Mon, 02 Mar 2026 14:42:27
v.shape + M#[Out]# array([[4., 3.],
#[Out]#        [4., 3.],
#[Out]#        [4., 3.]])
# Mon, 02 Mar 2026 14:42:34
a.shape#[Out]# (3,)
# Mon, 02 Mar 2026 14:43:00
a[:,newaxis]# Mon, 02 Mar 2026 14:43:09
a[:,np.newaxis]#[Out]# array([[0],
#[Out]#        [1],
#[Out]#        [2]])
# Mon, 02 Mar 2026 14:43:15
a[:,np.newaxis].shape#[Out]# (3, 1)
# Mon, 02 Mar 2026 14:43:18
a.shape#[Out]# (3,)
# Mon, 02 Mar 2026 14:43:31
M+a[:,np.newaxis]#[Out]# array([[1., 1.],
#[Out]#        [2., 2.],
#[Out]#        [3., 3.]])
# Mon, 02 Mar 2026 14:43:35
v+a[:,np.newaxis]#[Out]# array([[1., 1.],
#[Out]#        [3., 3.],
#[Out]#        [5., 5.]])
# Mon, 02 Mar 2026 14:49:45
a[:,np.newaxis]#[Out]# array([[0],
#[Out]#        [1],
#[Out]#        [2]])
# Mon, 02 Mar 2026 14:50:02
a#[Out]# array([0, 1, 2])
# Mon, 02 Mar 2026 14:50:16
a[0]#[Out]# 0
# Mon, 02 Mar 2026 14:50:19
a[:,np.newaxis][0]#[Out]# array([0])
# Mon, 02 Mar 2026 14:50:22
a[:,np.newaxis][0,0]#[Out]# 0
# Mon, 02 Mar 2026 14:50:24
a[:,np.newaxis][1,0]#[Out]# 1
# Mon, 02 Mar 2026 14:50:26
a[:,np.newaxis][2,0]#[Out]# 2
# Mon, 02 Mar 2026 14:50:27
a[:,np.newaxis][2,1]# Mon, 02 Mar 2026 15:04:28
[None]#[Out]# [None]
# Mon, 02 Mar 2026 15:04:36
[5,None]#[Out]# [5, None]
# Mon, 02 Mar 2026 15:04:40
[5,0]#[Out]# [5, 0]
# Mon, 02 Mar 2026 15:04:48
[5,0].shape# Mon, 02 Mar 2026 15:04:58
np.array([5,0]).shape#[Out]# (2,)
# Mon, 02 Mar 2026 15:05:08
np.array([[5],[0]]).shape#[Out]# (2, 1)
# Mon, 02 Mar 2026 15:05:17
np.array([[5,0],[0]]).shape#[Out]# (2,)
# Mon, 02 Mar 2026 15:05:20
np.array([[5,0],[0,1]]).shape#[Out]# (2, 2)
# Mon, 02 Mar 2026 15:41:29
import numpy as np
import pandas as pd

# use pandas to extract rainfall inches as a NumPy array
rainfall = pd.read_csv('2_numpy_wyklad/data/Seattle2014.csv')['PRCP'].values
inches = rainfall / 254.0  # 1/10mm -> inches
inches.shape#[Out]# (365,)
# Mon, 02 Mar 2026 15:41:36
%matplotlib inline
import matplotlib.pyplot as plt
import seaborn; seaborn.set()  # set plot styles# Mon, 02 Mar 2026 15:41:43
plt.hist(inches, 40);# Mon, 02 Mar 2026 15:46:34
x = np.array([1, 2, 3, 4, 5])# Mon, 02 Mar 2026 15:46:38
x < 3  # less than#[Out]# array([ True,  True, False, False, False])
# Mon, 02 Mar 2026 15:46:40
x>3#[Out]# array([False, False, False,  True,  True])
# Mon, 02 Mar 2026 15:46:45
x>=3#[Out]# array([False, False,  True,  True,  True])
# Mon, 02 Mar 2026 15:46:47
x<=3#[Out]# array([ True,  True,  True, False, False])
# Mon, 02 Mar 2026 15:46:52
x != 3  # not equal#[Out]# array([ True,  True, False,  True,  True])
# Mon, 02 Mar 2026 15:46:56
x == 3  # equal#[Out]# array([False, False,  True, False, False])
# Mon, 02 Mar 2026 15:47:01
(2 * x) == (x ** 2)#[Out]# array([False,  True, False, False, False])
# Mon, 02 Mar 2026 15:47:17
rng = np.random.RandomState(0)
x = rng.randint(10, size=(3, 4))
x#[Out]# array([[5, 0, 3, 3],
#[Out]#        [7, 9, 3, 5],
#[Out]#        [2, 4, 7, 6]])
# Mon, 02 Mar 2026 15:47:22
x < 6#[Out]# array([[ True,  True,  True,  True],
#[Out]#        [False, False,  True,  True],
#[Out]#        [ True,  True, False, False]])
# Mon, 02 Mar 2026 15:47:32
print(x)# Mon, 02 Mar 2026 15:47:42
# how many values less than 6?
np.count_nonzero(x < 6)#[Out]# 8
# Mon, 02 Mar 2026 15:47:53
x<6#[Out]# array([[ True,  True,  True,  True],
#[Out]#        [False, False,  True,  True],
#[Out]#        [ True,  True, False, False]])
# Mon, 02 Mar 2026 15:48:00
np.sum(x < 6)#[Out]# 8
# Mon, 02 Mar 2026 15:48:17
# how many values less than 6 in each row?
np.sum(x < 6, axis=1)#[Out]# array([4, 2, 2])
# Mon, 02 Mar 2026 15:48:32
# are there any values greater than 8?
np.any(x > 8)#[Out]# True
# Mon, 02 Mar 2026 15:48:39
# are there any values less than zero?
np.any(x < 0)#[Out]# False
# Mon, 02 Mar 2026 15:48:45
# are all values less than 10?
np.all(x < 10)#[Out]# True
# Mon, 02 Mar 2026 15:48:57
# are all values equal to 6?
np.all(x == 6)#[Out]# False
# Mon, 02 Mar 2026 15:49:08
# are all values less than 10?
np.all(x < 5)#[Out]# False
# Mon, 02 Mar 2026 15:49:16
# are all values in each row less than 8?
np.all(x < 8, axis=1)#[Out]# array([ True, False,  True])
# Mon, 02 Mar 2026 15:49:26
# are all values in each row less than 8?
np.all(x < 8, axis=0)#[Out]# array([ True, False,  True,  True])
# Mon, 02 Mar 2026 15:49:30
x#[Out]# array([[5, 0, 3, 3],
#[Out]#        [7, 9, 3, 5],
#[Out]#        [2, 4, 7, 6]])
# Mon, 02 Mar 2026 15:53:29
np.sum((inches > 0.5) & (inches < 1))#[Out]# 29
# Mon, 02 Mar 2026 15:54:22
np.sum( (inches < 1))#[Out]# 357
# Mon, 02 Mar 2026 15:54:27
np.sum( (inches > 1))#[Out]# 7
# Mon, 02 Mar 2026 15:54:30
np.sum( (inches > 0.5))#[Out]# 37
# Mon, 02 Mar 2026 15:54:35
np.sum( (inches > 0.4))#[Out]# 47
# Mon, 02 Mar 2026 15:54:37
np.sum( (inches > 0.3))#[Out]# 58
# Mon, 02 Mar 2026 15:54:38
np.sum( (inches > 0.2))#[Out]# 75
# Mon, 02 Mar 2026 15:54:40
np.sum( (inches > 0.1))#[Out]# 104
# Mon, 02 Mar 2026 16:04:57
bool(42), bool(0)#[Out]# (True, False)
# Mon, 02 Mar 2026 16:05:04
bool(42 and 0)#[Out]# False
# Mon, 02 Mar 2026 16:05:10
bool(42 or 0)#[Out]# True
# Mon, 02 Mar 2026 16:05:20
bin(42)#[Out]# '0b101010'
# Mon, 02 Mar 2026 16:05:26
bin(59)#[Out]# '0b111011'
# Mon, 02 Mar 2026 16:05:29
bin(42 & 59)#[Out]# '0b101010'
# Mon, 02 Mar 2026 16:05:37
42&49#[Out]# 32
# Mon, 02 Mar 2026 16:05:39
42&59#[Out]# 42
# Mon, 02 Mar 2026 16:05:52
42|59#[Out]# 59
# Mon, 02 Mar 2026 16:06:11
8|59#[Out]# 59
# Mon, 02 Mar 2026 16:06:14
7|59#[Out]# 63
# Mon, 02 Mar 2026 16:13:04
import numpy as np
rand = np.random.RandomState(42)

x = rand.randint(100, size=10)
print(x)# Mon, 02 Mar 2026 16:14:15
[x[3], x[7], x[2]]#[Out]# [71, 86, 14]
# Mon, 02 Mar 2026 16:14:22
ind = [3, 7, 4]
x[ind]#[Out]# array([71, 86, 60])
# Mon, 02 Mar 2026 16:14:44
ind = np.array([[3, 7],
                [4, 5]])
x[ind]#[Out]# array([[71, 86],
#[Out]#        [60, 20]])
# Mon, 02 Mar 2026 16:15:19
X = np.arange(12).reshape((3, 4))
X#[Out]# array([[ 0,  1,  2,  3],
#[Out]#        [ 4,  5,  6,  7],
#[Out]#        [ 8,  9, 10, 11]])
# Mon, 02 Mar 2026 16:15:50
row = np.array([0, 1, 2])
col = np.array([2, 1, 3])
X[row, col]#[Out]# array([ 2,  5, 11])
# Mon, 02 Mar 2026 16:18:11
X[row[:,np.newaxis],col]#[Out]# array([[ 2,  1,  3],
#[Out]#        [ 6,  5,  7],
#[Out]#        [10,  9, 11]])
# Mon, 02 Mar 2026 16:19:19
row[:, np.newaxis] * col#[Out]# array([[0, 0, 0],
#[Out]#        [2, 1, 3],
#[Out]#        [4, 2, 6]])
# Mon, 02 Mar 2026 16:20:39
col#[Out]# array([2, 1, 3])
# Mon, 02 Mar 2026 16:20:52
row#[Out]# array([0, 1, 2])
# Mon, 02 Mar 2026 16:22:07
print(X)# Mon, 02 Mar 2026 16:22:21
X[2, [2, 0, 1]]#[Out]# array([10,  8,  9])
# Mon, 02 Mar 2026 16:23:00
X[1:, [2, 0, 1]]#[Out]# array([[ 6,  4,  5],
#[Out]#        [10,  8,  9]])
# Mon, 02 Mar 2026 16:23:19
mask = np.array([1, 0, 1, 0], dtype=bool)
X[row[:, np.newaxis], mask]#[Out]# array([[ 0,  2],
#[Out]#        [ 4,  6],
#[Out]#        [ 8, 10]])
# Mon, 02 Mar 2026 16:23:22
mask#[Out]# array([ True, False,  True, False])
# Mon, 02 Mar 2026 16:23:33
row#[Out]# array([0, 1, 2])
# Mon, 02 Mar 2026 16:24:16
mean = [0, 0]
cov = [[1, 2],
       [2, 5]]
X = rand.multivariate_normal(mean, cov, 100)
X.shape#[Out]# (100, 2)
# Mon, 02 Mar 2026 16:25:10
mean = [0, 0]
cov = [[1, 2],
       [2, 5]]
X = rand.multivariate_normal(mean, cov, 100)
X.shape#[Out]# (100, 2)
# Mon, 02 Mar 2026 16:25:13
cov#[Out]# [[1, 2], [2, 5]]
# Mon, 02 Mar 2026 16:26:04
%matplotlib inline
import matplotlib.pyplot as plt
import seaborn; seaborn.set()  # for plot styling

plt.scatter(X[:, 0], X[:, 1]);# Mon, 02 Mar 2026 16:26:36
indices = np.random.choice(X.shape[0], 20, replace=False)
indices#[Out]# array([89, 96, 41, 43, 77, 64, 24, 78, 53, 18, 59, 91, 86, 20, 11,  7, 88,
#[Out]#        32, 63,  3])
# Mon, 02 Mar 2026 16:26:54
selection = X[indices]  # fancy indexing here
selection.shape#[Out]# (20, 2)
# Mon, 02 Mar 2026 16:26:58
indices#[Out]# array([89, 96, 41, 43, 77, 64, 24, 78, 53, 18, 59, 91, 86, 20, 11,  7, 88,
#[Out]#        32, 63,  3])
# Mon, 02 Mar 2026 16:27:23
plt.scatter(X[:, 0], X[:, 1], alpha=0.3)
plt.scatter(selection[:, 0], selection[:, 1],
            facecolor='none', s=200);# Mon, 02 Mar 2026 16:28:52
x = np.arange(10)
i = np.array([2, 1, 8, 4])
x[i] = 99
print(x)# Mon, 02 Mar 2026 16:35:18
x = np.arange(10)
i = np.array([2, 1, 8, 4])
x[i] = 99
print(x)# Mon, 02 Mar 2026 16:35:28
x[i] -= 10
print(x)# Mon, 02 Mar 2026 16:36:03
x = np.zeros(10)
x[[0, 0]] = [4, 6]
print(x)# Mon, 02 Mar 2026 16:37:05
i = [2, 3, 3, 4, 4, 4]
x[i] += 1
x#[Out]# array([6., 0., 1., 1., 1., 0., 0., 0., 0., 0.])
# Mon, 02 Mar 2026 16:39:02
x = np.zeros(10)
np.add.at(x, i, 1)
print(x)# Mon, 02 Mar 2026 16:39:47
x = np.zeros(10)
np.add.reduceat(x, i, 1)
print(x)# Mon, 02 Mar 2026 16:40:00
x = np.zeros(10)
np.reduceat(x,add, i, 1)
print(x)# Mon, 02 Mar 2026 16:40:12
np.random.seed(42)
x = np.random.randn(100)

# compute a histogram by hand
bins = np.linspace(-5, 5, 20)
counts = np.zeros_like(bins)

# find the appropriate bin for each x
i = np.searchsorted(bins, x)

# add 1 to each of these bins
np.add.at(counts, i, 1)# Mon, 02 Mar 2026 16:41:07
bins#[Out]# array([-5.        , -4.47368421, -3.94736842, -3.42105263, -2.89473684,
#[Out]#        -2.36842105, -1.84210526, -1.31578947, -0.78947368, -0.26315789,
#[Out]#         0.26315789,  0.78947368,  1.31578947,  1.84210526,  2.36842105,
#[Out]#         2.89473684,  3.42105263,  3.94736842,  4.47368421,  5.        ])
# Mon, 02 Mar 2026 16:41:11
counts#[Out]# array([ 0.,  0.,  0.,  0.,  0.,  1.,  3.,  7.,  9., 23., 22., 17., 10.,
#[Out]#         7.,  1.,  0.,  0.,  0.,  0.,  0.])
# Mon, 02 Mar 2026 16:41:37
i#[Out]# array([11, 10, 11, 13, 10, 10, 13, 11,  9, 11,  9,  9, 10,  6,  7,  9,  8,
#[Out]#        11,  8,  7, 13, 10, 10,  7,  9, 10,  8, 11,  9,  9,  9, 14, 10,  8,
#[Out]#        12,  8, 10,  6,  7, 10, 11, 10, 10,  9,  7,  9,  9, 12, 11,  7, 11,
#[Out]#         9,  9, 11, 12, 12,  8,  9, 11, 12,  9, 10,  8,  8, 12, 13, 10, 12,
#[Out]#        11,  9, 11, 13, 10, 13,  5, 12, 10,  9, 10,  6, 10, 11, 13,  9,  8,
#[Out]#         9, 12, 11,  9, 11, 10, 12,  9,  9,  9,  7, 11, 10, 10, 10])
# Mon, 02 Mar 2026 16:41:45
x#[Out]# array([ 0.49671415, -0.1382643 ,  0.64768854,  1.52302986, -0.23415337,
#[Out]#        -0.23413696,  1.57921282,  0.76743473, -0.46947439,  0.54256004,
#[Out]#        -0.46341769, -0.46572975,  0.24196227, -1.91328024, -1.72491783,
#[Out]#        -0.56228753, -1.01283112,  0.31424733, -0.90802408, -1.4123037 ,
#[Out]#         1.46564877, -0.2257763 ,  0.0675282 , -1.42474819, -0.54438272,
#[Out]#         0.11092259, -1.15099358,  0.37569802, -0.60063869, -0.29169375,
#[Out]#        -0.60170661,  1.85227818, -0.01349722, -1.05771093,  0.82254491,
#[Out]#        -1.22084365,  0.2088636 , -1.95967012, -1.32818605,  0.19686124,
#[Out]#         0.73846658,  0.17136828, -0.11564828, -0.3011037 , -1.47852199,
#[Out]#        -0.71984421, -0.46063877,  1.05712223,  0.34361829, -1.76304016,
#[Out]#         0.32408397, -0.38508228, -0.676922  ,  0.61167629,  1.03099952,
#[Out]#         0.93128012, -0.83921752, -0.30921238,  0.33126343,  0.97554513,
#[Out]#        -0.47917424, -0.18565898, -1.10633497, -1.19620662,  0.81252582,
#[Out]#         1.35624003, -0.07201012,  1.0035329 ,  0.36163603, -0.64511975,
#[Out]#         0.36139561,  1.53803657, -0.03582604,  1.56464366, -2.6197451 ,
#[Out]#         0.8219025 ,  0.08704707, -0.29900735,  0.09176078, -1.98756891,
#[Out]#        -0.21967189,  0.35711257,  1.47789404, -0.51827022, -0.8084936 ,
#[Out]#        -0.50175704,  0.91540212,  0.32875111, -0.5297602 ,  0.51326743,
#[Out]#         0.09707755,  0.96864499, -0.70205309, -0.32766215, -0.39210815,
#[Out]#        -1.46351495,  0.29612028,  0.26105527,  0.00511346, -0.23458713])
# Mon, 02 Mar 2026 16:44:35
counts#[Out]# array([ 0.,  0.,  0.,  0.,  0.,  1.,  3.,  7.,  9., 23., 22., 17., 10.,
#[Out]#         7.,  1.,  0.,  0.,  0.,  0.,  0.])
# Mon, 02 Mar 2026 16:44:45
np.add.at(counts, i, 1)# Mon, 02 Mar 2026 16:44:49
counts#[Out]# array([ 0.,  0.,  0.,  0.,  0.,  2.,  6., 14., 18., 46., 44., 34., 20.,
#[Out]#        14.,  2.,  0.,  0.,  0.,  0.,  0.])
# Mon, 02 Mar 2026 16:44:52
np.add.at(counts, i, 1)# Mon, 02 Mar 2026 16:44:54
counts#[Out]# array([ 0.,  0.,  0.,  0.,  0.,  3.,  9., 21., 27., 69., 66., 51., 30.,
#[Out]#        21.,  3.,  0.,  0.,  0.,  0.,  0.])
# Mon, 02 Mar 2026 16:45:26
# plot the results
plt.plot(bins, counts, linestyle='steps');# Mon, 02 Mar 2026 16:46:08
print("NumPy routine:")
%timeit counts, edges = np.histogram(x, bins)

print("Custom routine:")
%timeit np.add.at(counts, np.searchsorted(bins, x), 1)# Mon, 02 Mar 2026 16:46:50
x = np.random.randn(1000000)
print("NumPy routine:")
%timeit counts, edges = np.histogram(x, bins)

print("Custom routine:")
%timeit np.add.at(counts, np.searchsorted(bins, x), 1)# Mon, 02 Mar 2026 16:48:07
x = np.random.randn(100)
# Mon, 02 Mar 2026 16:48:11
print("NumPy routine:")
%timeit counts, edges = np.histogram(x, bins)

print("Custom routine:")
%timeit np.add.at(counts, np.searchsorted(bins, x), 1)# Mon, 02 Mar 2026 16:49:34
import numpy as np

def selection_sort(x):
    for i in range(len(x)):
        swap = i + np.argmin(x[i:])
        (x[i], x[swap]) = (x[swap], x[i])
    return x
    # Mon, 02 Mar 2026 16:50:13
x = np.array([2, 1, 4, 3, 5])
selection_sort(x)#[Out]# array([1, 2, 3, 4, 5])
# Mon, 02 Mar 2026 16:55:16
def bogosort(x):
    while np.any(x[:-1] > x[1:]):
        np.random.shuffle(x)
    return x
    # Mon, 02 Mar 2026 16:55:21
x = np.array([2, 1, 4, 3, 5])
bogosort(x)#[Out]# array([1, 2, 3, 4, 5])
# Mon, 02 Mar 2026 16:55:32
%timeit selection_sort(x)# Mon, 02 Mar 2026 16:55:54
x = np.array([2, 1, 4, 3, 5])
%timeit selection_sort(x)# Mon, 02 Mar 2026 16:56:19
x = np.array([2, 1, 4, 3, 5])
%timeit bogosort(x)# Mon, 02 Mar 2026 16:57:11
x = np.array([2, 1, 4, 3, 5])
%timeit bogosort(x)# Mon, 02 Mar 2026 16:57:24
x = np.array([2, 1, 4, 3, 5])
%time bogosort(x)#[Out]# array([1, 2, 3, 4, 5])
# Mon, 02 Mar 2026 16:57:30
x = np.array([2, 1, 4, 3, 5])
%time selection_sort(x)#[Out]# array([1, 2, 3, 4, 5])
# Mon, 02 Mar 2026 16:58:18
x = np.array([2, 1, 4, 3, 5])
np.sort(x)#[Out]# array([1, 2, 3, 4, 5])
# Mon, 02 Mar 2026 16:58:24
x = np.array([2, 1, 4, 3, 5])
%timeit np.sort(x)# Mon, 02 Mar 2026 16:58:53
x.sort()
print(x)# Mon, 02 Mar 2026 16:58:57
x.sort()
%timeit print(x)# Mon, 02 Mar 2026 16:59:32
x = np.array([2, 1, 4, 3, 5])
i = np.argsort(x)
print(i)# Mon, 02 Mar 2026 17:00:11
rand = np.random.RandomState(42)
X = rand.randint(0, 10, (4, 6))
print(X)# Mon, 02 Mar 2026 17:00:26
# sort each column of X
np.sort(X, axis=0)#[Out]# array([[2, 1, 4, 0, 1, 5],
#[Out]#        [5, 2, 5, 4, 3, 7],
#[Out]#        [6, 3, 7, 4, 6, 7],
#[Out]#        [7, 6, 7, 4, 9, 9]])
# Mon, 02 Mar 2026 17:00:37
# sort each column of X
np.sort(X, axis=1)#[Out]# array([[3, 4, 6, 6, 7, 9],
#[Out]#        [2, 3, 4, 6, 7, 7],
#[Out]#        [1, 2, 4, 5, 7, 7],
#[Out]#        [0, 1, 4, 5, 5, 9]])
# Mon, 02 Mar 2026 17:00:43
# sort each column of X
np.sort(X, axis=0)#[Out]# array([[2, 1, 4, 0, 1, 5],
#[Out]#        [5, 2, 5, 4, 3, 7],
#[Out]#        [6, 3, 7, 4, 6, 7],
#[Out]#        [7, 6, 7, 4, 9, 9]])
# Mon, 02 Mar 2026 17:00:46
# sort each column of X
np.sort(X, axis=1)#[Out]# array([[3, 4, 6, 6, 7, 9],
#[Out]#        [2, 3, 4, 6, 7, 7],
#[Out]#        [1, 2, 4, 5, 7, 7],
#[Out]#        [0, 1, 4, 5, 5, 9]])
# Mon, 02 Mar 2026 17:01:01
# sort each column of X
al=np.sort(X, axis=1)# Mon, 02 Mar 2026 17:01:10
# sort each column of X
al=np.sort(al, axis=0)# Mon, 02 Mar 2026 17:01:11
al#[Out]# array([[0, 1, 4, 5, 5, 7],
#[Out]#        [1, 2, 4, 5, 7, 7],
#[Out]#        [2, 3, 4, 6, 7, 9],
#[Out]#        [3, 4, 6, 6, 7, 9]])
# Mon, 02 Mar 2026 17:01:23
# sort each row of X
np.sort(X, axis=1)#[Out]# array([[3, 4, 6, 6, 7, 9],
#[Out]#        [2, 3, 4, 6, 7, 7],
#[Out]#        [1, 2, 4, 5, 7, 7],
#[Out]#        [0, 1, 4, 5, 5, 9]])
# Mon, 02 Mar 2026 17:05:59
x = np.array([7, 2, 3, 1, 6, 5, 4])
np.partition(x, 3)#[Out]# array([2, 1, 3, 4, 6, 5, 7])
# Mon, 02 Mar 2026 17:08:56
np.partition(X, 2, axis=1)#[Out]# array([[3, 4, 6, 7, 6, 9],
#[Out]#        [2, 3, 4, 7, 6, 7],
#[Out]#        [1, 2, 4, 5, 7, 7],
#[Out]#        [0, 1, 4, 5, 9, 5]])
# Mon, 02 Mar 2026 17:09:14
np.partition(X, 2, axis=0)#[Out]# array([[2, 1, 4, 0, 1, 5],
#[Out]#        [5, 2, 5, 4, 3, 7],
#[Out]#        [6, 3, 7, 4, 6, 7],
#[Out]#        [7, 6, 7, 4, 9, 9]])
# Mon, 02 Mar 2026 17:09:17
X#[Out]# array([[6, 3, 7, 4, 6, 9],
#[Out]#        [2, 6, 7, 4, 3, 7],
#[Out]#        [7, 2, 5, 4, 1, 7],
#[Out]#        [5, 1, 4, 0, 9, 5]])
# Mon, 02 Mar 2026 17:11:14
X = rand.rand(10, 2)# Mon, 02 Mar 2026 17:11:24
%matplotlib inline
import matplotlib.pyplot as plt
import seaborn; seaborn.set() # Plot styling
plt.scatter(X[:, 0], X[:, 1], s=100);# Mon, 02 Mar 2026 17:11:54
dist_sq = np.sum((X[:, np.newaxis, :] - X[np.newaxis, :, :]) ** 2, axis=-1)# Mon, 02 Mar 2026 17:12:17
X[:, np.newaxis, :]#[Out]# array([[[0.00706631, 0.02306243]],
#[Out]# 
#[Out]#        [[0.52477466, 0.39986097]],
#[Out]# 
#[Out]#        [[0.04666566, 0.97375552]],
#[Out]# 
#[Out]#        [[0.23277134, 0.09060643]],
#[Out]# 
#[Out]#        [[0.61838601, 0.38246199]],
#[Out]# 
#[Out]#        [[0.98323089, 0.46676289]],
#[Out]# 
#[Out]#        [[0.85994041, 0.68030754]],
#[Out]# 
#[Out]#        [[0.45049925, 0.01326496]],
#[Out]# 
#[Out]#        [[0.94220176, 0.56328822]],
#[Out]# 
#[Out]#        [[0.3854165 , 0.01596625]]])
# Mon, 02 Mar 2026 17:12:30
X[ np.newaxis,;, :]# Mon, 02 Mar 2026 17:12:33
X[ np.newaxis,;, :]# Mon, 02 Mar 2026 17:12:40
X[ np.newaxis,:, :]#[Out]# array([[[0.00706631, 0.02306243],
#[Out]#         [0.52477466, 0.39986097],
#[Out]#         [0.04666566, 0.97375552],
#[Out]#         [0.23277134, 0.09060643],
#[Out]#         [0.61838601, 0.38246199],
#[Out]#         [0.98323089, 0.46676289],
#[Out]#         [0.85994041, 0.68030754],
#[Out]#         [0.45049925, 0.01326496],
#[Out]#         [0.94220176, 0.56328822],
#[Out]#         [0.3854165 , 0.01596625]]])
# Mon, 02 Mar 2026 17:13:24
# for each pair of points, compute differences in their coordinates
differences = X[:, np.newaxis, :] - X[np.newaxis, :, :]
differences.shape#[Out]# (10, 10, 2)
# Mon, 02 Mar 2026 17:13:39
# square the coordinate differences
sq_differences = differences ** 2
sq_differences.shape#[Out]# (10, 10, 2)
# Mon, 02 Mar 2026 17:13:49
# sum the coordinate differences to get the squared distance
dist_sq = sq_differences.sum(-1)
dist_sq.shape#[Out]# (10, 10)
# Mon, 02 Mar 2026 17:14:01
dist_sq.diagonal()#[Out]# array([0., 0., 0., 0., 0., 0., 0., 0., 0., 0.])
# Mon, 02 Mar 2026 17:14:39
nearest = np.argsort(dist_sq, axis=1)
print(nearest)# Mon, 02 Mar 2026 17:15:19
K = 2
nearest_partition = np.argpartition(dist_sq, K + 1, axis=1)# Mon, 02 Mar 2026 17:15:29
nearest_partition#[Out]# array([[3, 0, 9, 7, 1, 4, 2, 5, 8, 6],
#[Out]#        [1, 4, 7, 9, 3, 5, 6, 2, 8, 0],
#[Out]#        [2, 1, 4, 6, 3, 0, 5, 7, 8, 9],
#[Out]#        [3, 9, 7, 0, 1, 5, 6, 2, 8, 4],
#[Out]#        [1, 8, 4, 5, 7, 6, 9, 3, 2, 0],
#[Out]#        [5, 8, 6, 4, 1, 7, 9, 3, 2, 0],
#[Out]#        [6, 8, 5, 4, 1, 7, 9, 3, 2, 0],
#[Out]#        [7, 9, 3, 1, 4, 5, 6, 2, 8, 0],
#[Out]#        [8, 5, 6, 4, 1, 7, 9, 3, 2, 0],
#[Out]#        [3, 9, 7, 0, 1, 5, 6, 2, 8, 4]])
# Mon, 02 Mar 2026 17:16:08
plt.scatter(X[:, 0], X[:, 1], s=100)

# draw lines from each point to its two nearest neighbors
K = 2

for i in range(X.shape[0]):
    for j in nearest_partition[i, :K+1]:
        # plot a line from X[i] to X[j]
        # use some zip magic to make it happen:
        plt.plot(*zip(X[j], X[i]), color='black')
        # Mon, 02 Mar 2026 17:17:13
K = 4

nearest_partition = np.argpartition(dist_sq, K + 1, axis=1)# Mon, 02 Mar 2026 17:17:18
nearest_partition#[Out]# array([[3, 0, 9, 7, 1, 4, 2, 5, 8, 6],
#[Out]#        [1, 4, 7, 9, 3, 6, 5, 2, 8, 0],
#[Out]#        [6, 4, 2, 3, 1, 0, 5, 7, 8, 9],
#[Out]#        [3, 9, 7, 0, 1, 4, 5, 2, 8, 6],
#[Out]#        [1, 8, 4, 5, 6, 7, 9, 3, 2, 0],
#[Out]#        [5, 8, 6, 4, 1, 7, 9, 3, 2, 0],
#[Out]#        [6, 8, 5, 4, 1, 7, 9, 3, 2, 0],
#[Out]#        [1, 9, 7, 3, 4, 0, 5, 6, 8, 2],
#[Out]#        [8, 5, 6, 4, 1, 7, 9, 3, 2, 0],
#[Out]#        [3, 9, 7, 0, 1, 4, 5, 2, 8, 6]])
# Mon, 02 Mar 2026 17:21:41
import numpy as np# Mon, 02 Mar 2026 17:21:46
name = ['Alice', 'Bob', 'Cathy', 'Doug']
age = [25, 45, 37, 19]
weight = [55.0, 85.5, 68.0, 61.5]# Mon, 02 Mar 2026 17:22:03
x = np.zeros(4, dtype=int)# Mon, 02 Mar 2026 17:22:16
# Use a compound data type for structured arrays
data = np.zeros(4, dtype={'names':('name', 'age', 'weight'),
                          'formats':('U10', 'i4', 'f8')})
print(data.dtype)# Mon, 02 Mar 2026 17:22:56
data['name'] = name
data['age'] = age
data['weight'] = weight
print(data)# Mon, 02 Mar 2026 17:23:13
# Get all names
data['name']#[Out]# array(['Alice', 'Bob', 'Cathy', 'Doug'], dtype='<U10')
# Mon, 02 Mar 2026 17:23:22
# Get first row of data
data[0]#[Out]# ('Alice', 25, 55.)
# Mon, 02 Mar 2026 17:23:30
# Get the name from the last row
data[-1]['name']#[Out]# 'Doug'
# Mon, 02 Mar 2026 17:23:39
# Get names where age is under 30
data[data['age'] < 30]['name']#[Out]# array(['Alice', 'Doug'], dtype='<U10')
# Mon, 02 Mar 2026 17:24:01
np.dtype({'names':('name', 'age', 'weight'),
          'formats':('U10', 'i4', 'f8')})#[Out]# dtype([('name', '<U10'), ('age', '<i4'), ('weight', '<f8')])
# Mon, 02 Mar 2026 17:24:06
np.dtype({'names':('name', 'age', 'weight'),
          'formats':((np.str_, 10), int, np.float32)})#[Out]# dtype([('name', '<U10'), ('age', '<i8'), ('weight', '<f4')])
# Mon, 02 Mar 2026 17:24:12
np.dtype([('name', 'S10'), ('age', 'i4'), ('weight', 'f8')])#[Out]# dtype([('name', 'S10'), ('age', '<i4'), ('weight', '<f8')])
# Mon, 02 Mar 2026 17:24:18
np.dtype('S10,i4,f8')#[Out]# dtype([('f0', 'S10'), ('f1', '<i4'), ('f2', '<f8')])
# Mon, 02 Mar 2026 17:25:22
tp = np.dtype([('id', 'i8'), ('mat', 'f8', (3, 3))])
X = np.zeros(1, dtype=tp)
print(X[0])
print(X['mat'][0])# Mon, 02 Mar 2026 17:37:18
data['age']#[Out]# array([25, 45, 37, 19], dtype=int32)
# Mon, 02 Mar 2026 17:37:23
data_rec = data.view(np.recarray)
data_rec.age#[Out]# array([25, 45, 37, 19], dtype=int32)
# Mon, 02 Mar 2026 17:37:33
%timeit data['age']
%timeit data_rec['age']
%timeit data_rec.age
