%run myscript.py
square(5)
%timeit L=[n**2 for n in range(1000)]
%timeit?
%magic
%lsmagic
%lsmagic -c
%lsmagic -l
print(In)
Out
print(Out)
print(Out[2])
print(Out[3])
print(Out[3])
print(Out[0])
print(Out[1])
print(Out[2])
print(Out[2])
print(Out[0])
print(Out[2])
%paste
print(Out[2])
square(6)
print(Out[2])
print(Out[3])
print(In[1]
)
print(In[2])
print(Out[1])
print(Out[0])
print(Out[2])
print(Out[3])
Out
%paste
%cpaste
%cpaste
_
print(_)
print(__)
print(___)
print(____)
print(___);
print(_);
_
Out
%paste
import math
%paste
print(_)
math.sin(2+1) + math.cos(2+1);
print(_)
math.sin(2+1) + math.cos(2+1)
%history
%history -n 1-4
%history?
%rerun
%rerun -n 1-4
%rerun -n 1:4
%rerun  1:4
%save?
%save saved_input.py
%save saved_input
%save saved_input n1-n58
%history
%save saved_input n1-n64
%save?
%save ./saved_input n1-n64
%save saved_input n1-n64
%save saved_input
%save saved_input 1-69
!ls
$echo "hello world"
!echo "hello world"
!pwd
!ls
!cd ./
!cd ../
!ls
!mkdir test
!ls
contents = !ls
print(contents)
directory = !pwd
directory
type(directory)
message = "hello from Python"
!echo {message}
%xmode
%paste
func2(1)
%xmode Plain
func2(1)
%xmode Verbose
func2(1)
%xmode Default
func2(1)
%xmode Plain
func2(1)
%debug
%debug
%debug
%debug
%xmode Plain
%pdb on
func2(1)
%run -d
%pdb on
func2(1)
func2(1)
func2(1)
func2(1)
func2(1)
func2(1)
%time
%timeit
%prun
%lprun
%memit
%mprun
%paste
%paste
%paste
%paste
%paste
%%time
total = 0
for i in range(1000):
    for j in range(1000):
        total += i * (-1) ** j
%prun
%paste
%prun sum_of_lists(100000)
%prun sum_of_lists(1000000)
%prun sum_of_lists(10000000)
!pip install line_profiler
%paste
%load_ext line_profiler
%paste
%paste
!pip install memory_profiler
%load_ext memory_profiler
%paste
%paste
%paste
