# coding: utf-8
get_ipython().run_line_magic('run', 'myscript.py')
square(5)
get_ipython().run_line_magic('timeit', 'L=[n**2 for n in range(1000)]')
get_ipython().run_line_magic('pinfo', '%timeit')
get_ipython().run_line_magic('magic', '')
get_ipython().run_line_magic('lsmagic', '')
get_ipython().run_line_magic('lsmagic', '-c')
get_ipython().run_line_magic('lsmagic', '-l')
print(In)
Out
print(Out)
print(Out[2])
print(Out[3])
print(Out[3])
print(Out[0])
print(Out[1])
print(Out[2])
print(Out[2])
print(Out[0])
print(Out[2])
get_ipython().run_line_magic('paste', '')
print(Out[2])
square(6)
print(Out[2])
print(Out[3])
print(In[1]
)
print(In[2])
print(Out[1])
print(Out[0])
print(Out[2])
print(Out[3])
Out
get_ipython().run_line_magic('paste', '')
get_ipython().run_line_magic('cpaste', '')
get_ipython().run_line_magic('cpaste', '')
_
print(_)
print(__)
print(___)
print(____)
print(___);
print(_);
_
Out
get_ipython().run_line_magic('paste', '')
import math
get_ipython().run_line_magic('paste', '')
print(_)
math.sin(2+1) + math.cos(2+1);
print(_)
math.sin(2+1) + math.cos(2+1)
get_ipython().run_line_magic('history', '')
get_ipython().run_line_magic('history', '-n 1-4')
get_ipython().run_line_magic('pinfo', '%history')
get_ipython().run_line_magic('rerun', '')
get_ipython().run_line_magic('rerun', '-n 1-4')
get_ipython().run_line_magic('rerun', '-n 1:4')
get_ipython().run_line_magic('rerun', ' 1:4')
get_ipython().run_line_magic('pinfo', '%save')
get_ipython().run_line_magic('save', 'saved_input.py')
get_ipython().run_line_magic('save', 'saved_input')
get_ipython().run_line_magic('save', 'saved_input n1-n58')
get_ipython().run_line_magic('history', '')
get_ipython().run_line_magic('save', 'saved_input n1-n64')
get_ipython().run_line_magic('pinfo', '%save')
get_ipython().run_line_magic('save', './saved_input n1-n64')
get_ipython().run_line_magic('save', 'saved_input n1-n64')
get_ipython().run_line_magic('save', 'saved_input')
get_ipython().run_line_magic('save', 'saved_input 1-69')
